// Jest Snapshot v1, https://goo.gl/fbAQLP

exports[`Header matches snapshot 1`] = `
<Jumbotron
  fluid={false}
>
  <Container
    fluid={false}
    style={
      Object {
        "marginLeft": "12px",
      }
    }
  >
    <Row
      noGutters={false}
    >
      <a
        href="https://devexpress.github.io/testcafe/"
        rel="noopener noreferrer"
        target="_blank"
      >
        <Image
          fluid={false}
          rounded={true}
          roundedCircle={false}
          src="https://devexpress.github.io/testcafe/images/site-header-logo.svg"
          thumbnail={false}
        />
      </a>
    </Row>
    <Row
      noGutters={false}
    >
      <h1>
        Cheat Sheet
      </h1>
    </Row>
    <Row
      noGutters={false}
    >
      <p>
        Copy TestCafe commands and code...and stuff!
      </p>
    </Row>
  </Container>
</Jumbotron>
`;
